Archive member included to satisfy reference by file (symbol)

C:/ST/STM32CubeIDE_1.13.2/STM32CubeIDE/plugins/com.st.stm32cube.ide.mcu.externaltools.gnu-tools-for-stm32.11.3.rel1.win32_1.1.1.202309131626/tools/bin/../lib/gcc/arm-none-eabi/11.3.1/../../../../arm-none-eabi/lib/thumb/v7-m/nofp\libc_nano.a(libc_a-exit.o)
                              C:/ST/STM32CubeIDE_1.13.2/STM32CubeIDE/plugins/com.st.stm32cube.ide.mcu.externaltools.gnu-tools-for-stm32.11.3.rel1.win32_1.1.1.202309131626/tools/bin/../lib/gcc/arm-none-eabi/11.3.1/../../../../arm-none-eabi/lib/thumb/v7-m/nofp/crt0.o (exit)
C:/ST/STM32CubeIDE_1.13.2/STM32CubeIDE/plugins/com.st.stm32cube.ide.mcu.externaltools.gnu-tools-for-stm32.11.3.rel1.win32_1.1.1.202309131626/tools/bin/../lib/gcc/arm-none-eabi/11.3.1/../../../../arm-none-eabi/lib/thumb/v7-m/nofp\libc_nano.a(libc_a-findfp.o)
                              C:/ST/STM32CubeIDE_1.13.2/STM32CubeIDE/plugins/com.st.stm32cube.ide.mcu.externaltools.gnu-tools-for-stm32.11.3.rel1.win32_1.1.1.202309131626/tools/bin/../lib/gcc/arm-none-eabi/11.3.1/../../../../arm-none-eabi/lib/thumb/v7-m/nofp\libc_nano.a(libc_a-exit.o) (__stdio_exit_handler)
C:/ST/STM32CubeIDE_1.13.2/STM32CubeIDE/plugins/com.st.stm32cube.ide.mcu.externaltools.gnu-tools-for-stm32.11.3.rel1.win32_1.1.1.202309131626/tools/bin/../lib/gcc/arm-none-eabi/11.3.1/../../../../arm-none-eabi/lib/thumb/v7-m/nofp\libc_nano.a(libc_a-fwalk.o)
                              C:/ST/STM32CubeIDE_1.13.2/STM32CubeIDE/plugins/com.st.stm32cube.ide.mcu.externaltools.gnu-tools-for-stm32.11.3.rel1.win32_1.1.1.202309131626/tools/bin/../lib/gcc/arm-none-eabi/11.3.1/../../../../arm-none-eabi/lib/thumb/v7-m/nofp\libc_nano.a(libc_a-findfp.o) (_fwalk_sglue)
C:/ST/STM32CubeIDE_1.13.2/STM32CubeIDE/plugins/com.st.stm32cube.ide.mcu.externaltools.gnu-tools-for-stm32.11.3.rel1.win32_1.1.1.202309131626/tools/bin/../lib/gcc/arm-none-eabi/11.3.1/../../../../arm-none-eabi/lib/thumb/v7-m/nofp\libc_nano.a(libc_a-stdio.o)
                              C:/ST/STM32CubeIDE_1.13.2/STM32CubeIDE/plugins/com.st.stm32cube.ide.mcu.externaltools.gnu-tools-for-stm32.11.3.rel1.win32_1.1.1.202309131626/tools/bin/../lib/gcc/arm-none-eabi/11.3.1/../../../../arm-none-eabi/lib/thumb/v7-m/nofp\libc_nano.a(libc_a-findfp.o) (__sread)
C:/ST/STM32CubeIDE_1.13.2/STM32CubeIDE/plugins/com.st.stm32cube.ide.mcu.externaltools.gnu-tools-for-stm32.11.3.rel1.win32_1.1.1.202309131626/tools/bin/../lib/gcc/arm-none-eabi/11.3.1/../../../../arm-none-eabi/lib/thumb/v7-m/nofp\libc_nano.a(libc_a-memset.o)
                              C:/ST/STM32CubeIDE_1.13.2/STM32CubeIDE/plugins/com.st.stm32cube.ide.mcu.externaltools.gnu-tools-for-stm32.11.3.rel1.win32_1.1.1.202309131626/tools/bin/../lib/gcc/arm-none-eabi/11.3.1/../../../../arm-none-eabi/lib/thumb/v7-m/nofp/crt0.o (memset)
C:/ST/STM32CubeIDE_1.13.2/STM32CubeIDE/plugins/com.st.stm32cube.ide.mcu.externaltools.gnu-tools-for-stm32.11.3.rel1.win32_1.1.1.202309131626/tools/bin/../lib/gcc/arm-none-eabi/11.3.1/../../../../arm-none-eabi/lib/thumb/v7-m/nofp\libc_nano.a(libc_a-closer.o)
                              C:/ST/STM32CubeIDE_1.13.2/STM32CubeIDE/plugins/com.st.stm32cube.ide.mcu.externaltools.gnu-tools-for-stm32.11.3.rel1.win32_1.1.1.202309131626/tools/bin/../lib/gcc/arm-none-eabi/11.3.1/../../../../arm-none-eabi/lib/thumb/v7-m/nofp\libc_nano.a(libc_a-stdio.o) (_close_r)
C:/ST/STM32CubeIDE_1.13.2/STM32CubeIDE/plugins/com.st.stm32cube.ide.mcu.externaltools.gnu-tools-for-stm32.11.3.rel1.win32_1.1.1.202309131626/tools/bin/../lib/gcc/arm-none-eabi/11.3.1/../../../../arm-none-eabi/lib/thumb/v7-m/nofp\libc_nano.a(libc_a-reent.o)
                              C:/ST/STM32CubeIDE_1.13.2/STM32CubeIDE/plugins/com.st.stm32cube.ide.mcu.externaltools.gnu-tools-for-stm32.11.3.rel1.win32_1.1.1.202309131626/tools/bin/../lib/gcc/arm-none-eabi/11.3.1/../../../../arm-none-eabi/lib/thumb/v7-m/nofp\libc_nano.a(libc_a-closer.o) (errno)
C:/ST/STM32CubeIDE_1.13.2/STM32CubeIDE/plugins/com.st.stm32cube.ide.mcu.externaltools.gnu-tools-for-stm32.11.3.rel1.win32_1.1.1.202309131626/tools/bin/../lib/gcc/arm-none-eabi/11.3.1/../../../../arm-none-eabi/lib/thumb/v7-m/nofp\libc_nano.a(libc_a-impure.o)
                              C:/ST/STM32CubeIDE_1.13.2/STM32CubeIDE/plugins/com.st.stm32cube.ide.mcu.externaltools.gnu-tools-for-stm32.11.3.rel1.win32_1.1.1.202309131626/tools/bin/../lib/gcc/arm-none-eabi/11.3.1/../../../../arm-none-eabi/lib/thumb/v7-m/nofp\libc_nano.a(libc_a-reent.o) (_impure_ptr)
C:/ST/STM32CubeIDE_1.13.2/STM32CubeIDE/plugins/com.st.stm32cube.ide.mcu.externaltools.gnu-tools-for-stm32.11.3.rel1.win32_1.1.1.202309131626/tools/bin/../lib/gcc/arm-none-eabi/11.3.1/../../../../arm-none-eabi/lib/thumb/v7-m/nofp\libc_nano.a(libc_a-lseekr.o)
[...]
Memory Configuration

Name             Origin             Length             Attributes
RAM              0x0000000020000000 0x0000000000005000 xrw
FLASH            0x0000000008000000 0x0000000000010000 xr
*default*        0x0000000000000000 0xffffffffffffffff

Linker script and memory map

LOAD C:/ST/STM32CubeIDE_1.13.2/STM32CubeIDE/plugins/com.st.stm32cube.ide.mcu.externaltools.gnu-tools-for-stm32.11.3.rel1.win32_1.1.1.202309131626/tools/bin/../lib/gcc/arm-none-eabi/11.3.1/thumb/v7-m/nofp/crti.o
LOAD C:/ST/STM32CubeIDE_1.13.2/STM32CubeIDE/plugins/com.st.stm32cube.ide.mcu.externaltools.gnu-tools-for-stm32.11.3.rel1.win32_1.1.1.202309131626/tools/bin/../lib/gcc/arm-none-eabi/11.3.1/thumb/v7-m/nofp/crtbegin.o
LOAD C:/ST/STM32CubeIDE_1.13.2/STM32CubeIDE/plugins/com.st.stm32cube.ide.mcu.externaltools.gnu-tools-for-stm32.11.3.rel1.win32_1.1.1.202309131626/tools/bin/../lib/gcc/arm-none-eabi/11.3.1/../../../../arm-none-eabi/lib/thumb/v7-m/nofp/crt0.o
LOAD ./Core/Src/main.o
LOAD ./Core/Src/stm32f1xx_it.o
LOAD ./Core/Src/syscalls.o
LOAD ./Core/Src/sysmem.o
LOAD ./Core/Src/system_stm32f1xx.o
LOAD ./Core/Startup/startup_stm32f103c8tx.o
LOAD ./Drivers/STM32F1xx_HAL_Driver/Src/stm32f1xx_ll_dma.o
LOAD ./Drivers/STM32F1xx_HAL_Driver/Src/stm32f1xx_ll_exti.o
LOAD ./Drivers/STM32F1xx_HAL_Driver/Src/stm32f1xx_ll_gpio.o
LOAD ./Drivers/STM32F1xx_HAL_Driver/Src/stm32f1xx_ll_pwr.o
LOAD ./Drivers/STM32F1xx_HAL_Driver/Src/stm32f1xx_ll_rcc.o
LOAD ./Drivers/STM32F1xx_HAL_Driver/Src/stm32f1xx_ll_usart.o
LOAD ./Drivers/STM32F1xx_HAL_Driver/Src/stm32f1xx_ll_utils.o
LOAD ./Source/croutine.o
LOAD ./Source/event_groups.o
LOAD ./Source/list.o
LOAD ./Source/queue.o
LOAD ./Source/stream_buffer.o
LOAD ./Source/tasks.o
LOAD ./Source/timers.o
LOAD ./Source/portable/GCC/ARM_CM3/port.o
LOAD ./Source/portable/MemMang/heap_2.o
LOAD ./UARTStdio/uartstdio.o
START GROUP
LOAD C:/ST/STM32CubeIDE_1.13.2/STM32CubeIDE/plugins/com.st.stm32cube.ide.mcu.externaltools.gnu-tools-for-stm32.11.3.rel1.win32_1.1.1.202309131626/tools/bin/../lib/gcc/arm-none-eabi/11.3.1/../../../../arm-none-eabi/lib/thumb/v7-m/nofp\libc_nano.a
LOAD C:/ST/STM32CubeIDE_1.13.2/STM32CubeIDE/plugins/com.st.stm32cube.ide.mcu.externaltools.gnu-tools-for-stm32.11.3.rel1.win32_1.1.1.202309131626/tools/bin/../lib/gcc/arm-none-eabi/11.3.1/../../../../arm-none-eabi/lib/thumb/v7-m/nofp\libm.a
END GROUP
START GROUP
LOAD C:/ST/STM32CubeIDE_1.13.2/STM32CubeIDE/plugins/com.st.stm32cube.ide.mcu.externaltools.gnu-tools-for-stm32.11.3.rel1.win32_1.1.1.202309131626/tools/bin/../lib/gcc/arm-none-eabi/11.3.1/thumb/v7-m/nofp\libgcc.a
LOAD C:/ST/STM32CubeIDE_1.13.2/STM32CubeIDE/plugins/com.st.stm32cube.ide.mcu.externaltools.gnu-tools-for-stm32.11.3.rel1.win32_1.1.1.202309131626/tools/bin/../lib/gcc/arm-none-eabi/11.3.1/../../../../arm-none-eabi/lib/thumb/v7-m/nofp\libc_nano.a
END GROUP
START GROUP
LOAD C:/ST/STM32CubeIDE_1.13.2/STM32CubeIDE/plugins/com.st.stm32cube.ide.mcu.externaltools.gnu-tools-for-stm32.11.3.rel1.win32_1.1.1.202309131626/tools/bin/../lib/gcc/arm-none-eabi/11.3.1/thumb/v7-m/nofp\libgcc.a
LOAD C:/ST/STM32CubeIDE_1.13.2/STM32CubeIDE/plugins/com.st.stm32cube.ide.mcu.externaltools.gnu-tools-for-stm32.11.3.rel1.win32_1.1.1.202309131626/tools/bin/../lib/gcc/arm-none-eabi/11.3.1/../../../../arm-none-eabi/lib/thumb/v7-m/nofp\libc_nano.a
LOAD C:/ST/STM32CubeIDE_1.13.2/STM32CubeIDE/plugins/com.st.stm32cube.ide.mcu.externaltools.gnu-tools-for-stm32.11.3.rel1.win32_1.1.1.202309131626/tools/bin/../lib/gcc/arm-none-eabi/11.3.1/../../../../arm-none-eabi/lib/thumb/v7-m/nofp\libnosys.a
END GROUP
START GROUP
LOAD C:/ST/STM32CubeIDE_1.13.2/STM32CubeIDE/plugins/com.st.stm32cube.ide.mcu.externaltools.gnu-tools-for-stm32.11.3.rel1.win32_1.1.1.202309131626/tools/bin/../lib/gcc/arm-none-eabi/11.3.1/thumb/v7-m/nofp\libgcc.a
LOAD C:/ST/STM32CubeIDE_1.13.2/STM32CubeIDE/plugins/com.st.stm32cube.ide.mcu.externaltools.gnu-tools-for-stm32.11.3.rel1.win32_1.1.1.202309131626/tools/bin/../lib/gcc/arm-none-eabi/11.3.1/../../../../arm-none-eabi/lib/thumb/v7-m/nofp\libc_nano.a
LOAD C:/ST/STM32CubeIDE_1.13.2/STM32CubeIDE/plugins/com.st.stm32cube.ide.mcu.externaltools.gnu-tools-for-stm32.11.3.rel1.win32_1.1.1.202309131626/tools/bin/../lib/gcc/arm-none-eabi/11.3.1/../../../../arm-none-eabi/lib/thumb/v7-m/nofp\libnosys.a
END GROUP
LOAD C:/ST/STM32CubeIDE_1.13.2/STM32CubeIDE/plugins/com.st.stm32cube.ide.mcu.externaltools.gnu-tools-for-stm32.11.3.rel1.win32_1.1.1.202309131626/tools/bin/../lib/gcc/arm-none-eabi/11.3.1/thumb/v7-m/nofp/crtend.o
LOAD C:/ST/STM32CubeIDE_1.13.2/STM32CubeIDE/plugins/com.st.stm32cube.ide.mcu.externaltools.gnu-tools-for-stm32.11.3.rel1.win32_1.1.1.202309131626/tools/bin/../lib/gcc/arm-none-eabi/11.3.1/thumb/v7-m/nofp/crtn.o
                0x0000000020005000                _estack = (ORIGIN (RAM) + LENGTH (RAM))
                0x0000000000000200                _Min_Heap_Size = 0x200
                0x0000000000000400                _Min_Stack_Size = 0x400

.isr_vector     0x0000000008000000      0x10c
                0x0000000008000000                . = ALIGN (0x4)
 *(.isr_vector)
 .isr_vector    0x0000000008000000      0x10c ./Core/Startup/startup_stm32f103c8tx.o
                0x0000000008000000                g_pfnVectors
                0x000000000800010c                . = ALIGN (0x4)

.text           0x0000000008000110     0x287c
                0x0000000008000110                . = ALIGN (0x4)
 *(.text)
 .text          0x0000000008000110       0x40 C:/ST/STM32CubeIDE_1.13.2/STM32CubeIDE/plugins/com.st.stm32cube.ide.mcu.externaltools.gnu-tools-for-stm32.11.3.rel1.win32_1.1.1.202309131626/tools/bin/../lib/gcc/arm-none-eabi/11.3.1/thumb/v7-m/nofp/crtbegin.o
 .text          0x0000000008000150       0x14 C:/ST/STM32CubeIDE_1.13.2/STM32CubeIDE/plugins/com.st.stm32cube.ide.mcu.externaltools.gnu-tools-for-stm32.11.3.rel1.win32_1.1.1.202309131626/tools/bin/../lib/gcc/arm-none-eabi/11.3.1/../../../../arm-none-eabi/lib/thumb/v7-m/nofp\libc_nano.a(libc_a-strcmp.o)
                0x0000000008000150                strcmp
 *(.text*)
 .text.__NVIC_SetPriorityGrouping
                0x0000000008000164       0x48 ./Core/Src/main.o
 .text.__NVIC_GetPriorityGrouping
                0x00000000080001ac       0x1c ./Core/Src/main.o
 .text.__NVIC_EnableIRQ
                0x00000000080001c8       0x38 ./Core/Src/main.o
 .text.__NVIC_SetPriority
                0x0000000008000200       0x54 ./Core/Src/main.o
 .text.NVIC_EncodePriority
                0x0000000008000254       0x64 ./Core/Src/main.o
 .text.LL_RCC_HSI_Enable
                0x00000000080002b8       0x1c ./Core/Src/main.o
 .text.LL_RCC_HSI_IsReady
                0x00000000080002d4       0x24 ./Core/Src/main.o
 .text.LL_RCC_HSI_SetCalibTrimming
                0x00000000080002f8       0x28 ./Core/Src/main.o
 .text.LL_RCC_SetSysClkSource
                0x0000000008000320       0x28 ./Core/Src/main.o
 .text.LL_RCC_GetSysClkSource
                0x0000000008000348       0x18 ./Core/Src/main.o
 .text.LL_RCC_SetAHBPrescaler
                0x0000000008000360       0x28 ./Core/Src/main.o
 .text.LL_RCC_SetAPB1Prescaler
                0x0000000008000388       0x28 ./Core/Src/main.o
 .text.LL_RCC_SetAPB2Prescaler
                0x00000000080003b0       0x28 ./Core/Src/main.o
 .text.LL_APB1_GRP1_EnableClock
                0x00000000080003d8       0x30 ./Core/Src/main.o
 .text.LL_APB2_GRP1_EnableClock
                0x0000000008000408       0x30 ./Core/Src/main.o
 .text.LL_FLASH_SetLatency
                0x0000000008000438       0x28 ./Core/Src/main.o
 .text.LL_FLASH_GetLatency
                0x0000000008000460       0x18 ./Core/Src/main.o
 .text.LL_USART_Enable
                0x0000000008000478       0x1e ./Core/Src/main.o
 .text.LL_USART_ConfigAsyncMode
                0x0000000008000496       0x2a ./Core/Src/main.o
 .text.LL_GPIO_SetOutputPin
                0x00000000080004c0       0x1e ./Core/Src/main.o
 .text.LL_GPIO_ResetOutputPin
                0x00000000080004de       0x1e ./Core/Src/main.o
 .text.LL_GPIO_TogglePin
                0x00000000080004fc       0x38 ./Core/Src/main.o
 .text.main     0x0000000008000534       0x90 ./Core/Src/main.o
                0x0000000008000534                main
 .text.SystemClock_Config
                0x00000000080005c4       0x64 ./Core/Src/main.o
                0x00000000080005c4                SystemClock_Config
 .text.MX_USART2_UART_Init
                0x0000000008000628       0xcc ./Core/Src/main.o
 .text.MX_GPIO_Init
                0x00000000080006f4       0x70 ./Core/Src/main.o
 .text.Status_Led_Task
                0x0000000008000764       0x20 ./Core/Src/main.o
 .text.UART     0x0000000008000784       0x90 ./Core/Src/main.o
 .text.NMI_Handler
                0x0000000008000814        0x6 ./Core/Src/stm32f1xx_it.o
                0x0000000008000814                NMI_Handler
 .text.HardFault_Handler
                0x000000000800081a        0x6 ./Core/Src/stm32f1xx_it.o
                0x000000000800081a                HardFault_Handler
 .text.MemManage_Handler
                0x0000000008000820        0x6 ./Core/Src/stm32f1xx_it.o
                0x0000000008000820                MemManage_Handler
 .text.BusFault_Handler
                0x0000000008000826        0x6 ./Core/Src/stm32f1xx_it.o
                0x0000000008000826                BusFault_Handler
 .text.UsageFault_Handler
                0x000000000800082c        0x6 ./Core/Src/stm32f1xx_it.o
                0x000000000800082c                UsageFault_Handler
 .text.DebugMon_Handler
                0x0000000008000832        0xc ./Core/Src/stm32f1xx_it.o
                0x0000000008000832                DebugMon_Handler
 .text.USART2_IRQHandler
                0x000000000800083e        0xc ./Core/Src/stm32f1xx_it.o
                0x000000000800083e                USART2_IRQHandler
 .text.SystemInit
                0x000000000800084a        0xc ./Core/Src/system_stm32f1xx.o
                0x000000000800084a                SystemInit
 *fill*         0x0000000008000856        0x2 
 .text.Reset_Handler
                0x0000000008000858       0x48 ./Core/Startup/startup_stm32f103c8tx.o
                0x0000000008000858                Reset_Handler
 .text.Default_Handler
                0x00000000080008a0        0x2 ./Core/Startup/startup_stm32f103c8tx.o
                0x00000000080008a0                RTC_Alarm_IRQHandler
                0x00000000080008a0                EXTI2_IRQHandler
                0x00000000080008a0                TIM1_CC_IRQHandler
                0x00000000080008a0                PVD_IRQHandler
                0x00000000080008a0                EXTI3_IRQHandler
                0x00000000080008a0                EXTI0_IRQHandler
                0x00000000080008a0                I2C2_EV_IRQHandler
                0x00000000080008a0                ADC1_2_IRQHandler
                0x00000000080008a0                SPI1_IRQHandler
                0x00000000080008a0                TAMPER_IRQHandler
                0x00000000080008a0                DMA1_Channel4_IRQHandler
                0x00000000080008a0                USART3_IRQHandler
                0x00000000080008a0                RTC_IRQHandler
                0x00000000080008a0                DMA1_Channel7_IRQHandler
                0x00000000080008a0                CAN1_RX1_IRQHandler
                0x00000000080008a0                TIM4_IRQHandler
                0x00000000080008a0                I2C1_EV_IRQHandler
                0x00000000080008a0                DMA1_Channel6_IRQHandler
                0x00000000080008a0                TIM3_IRQHandler
                0x00000000080008a0                RCC_IRQHandler
                0x00000000080008a0                TIM1_TRG_COM_IRQHandler
                0x00000000080008a0                DMA1_Channel1_IRQHandler
                0x00000000080008a0                Default_Handler
                0x00000000080008a0                EXTI15_10_IRQHandler
                0x00000000080008a0                EXTI9_5_IRQHandler
                0x00000000080008a0                SPI2_IRQHandler
                0x00000000080008a0                DMA1_Channel5_IRQHandler
                0x00000000080008a0                EXTI4_IRQHandler
                0x00000000080008a0                USB_LP_CAN1_RX0_IRQHandler
                0x00000000080008a0                USB_HP_CAN1_TX_IRQHandler
                0x00000000080008a0                DMA1_Channel3_IRQHandler
                0x00000000080008a0                TIM1_UP_IRQHandler
                0x00000000080008a0                WWDG_IRQHandler
                0x00000000080008a0                TIM2_IRQHandler
                0x00000000080008a0                TIM1_BRK_IRQHandler
                0x00000000080008a0                EXTI1_IRQHandler
                0x00000000080008a0                I2C2_ER_IRQHandler
                0x00000000080008a0                DMA1_Channel2_IRQHandler
                0x00000000080008a0                CAN1_SCE_IRQHandler
                0x00000000080008a0                FLASH_IRQHandler
                0x00000000080008a0                USART1_IRQHandler
                0x00000000080008a0                I2C1_ER_IRQHandler
                0x00000000080008a0                USBWakeUp_IRQHandler
 .text.LL_GPIO_SetPinMode
                0x00000000080008a2       0x64 ./Drivers/STM32F1xx_HAL_Driver/Src/stm32f1xx_ll_gpio.o
 .text.LL_GPIO_SetPinSpeed
                0x0000000008000906       0x64 ./Drivers/STM32F1xx_HAL_Driver/Src/stm32f1xx_ll_gpio.o
 .text.LL_GPIO_SetPinOutputType
                0x000000000800096a       0x64 ./Drivers/STM32F1xx_HAL_Driver/Src/stm32f1xx_ll_gpio.o
 .text.LL_GPIO_SetPinPull
                0x00000000080009ce       0x44 ./Drivers/STM32F1xx_HAL_Driver/Src/stm32f1xx_ll_gpio.o
 .text.LL_GPIO_Init
                0x0000000008000a12       0xcc ./Drivers/STM32F1xx_HAL_Driver/Src/stm32f1xx_ll_gpio.o
                0x0000000008000a12                LL_GPIO_Init
 *fill*         0x0000000008000ade        0x2 
 .text.LL_RCC_GetSysClkSource
                0x0000000008000ae0       0x18 ./Drivers/STM32F1xx_HAL_Driver/Src/stm32f1xx_ll_rcc.o
 .text.LL_RCC_GetAHBPrescaler
                0x0000000008000af8       0x18 ./Drivers/STM32F1xx_HAL_Driver/Src/stm32f1xx_ll_rcc.o
 .text.LL_RCC_GetAPB1Prescaler
                0x0000000008000b10       0x18 ./Drivers/STM32F1xx_HAL_Driver/Src/stm32f1xx_ll_rcc.o
 .text.LL_RCC_GetAPB2Prescaler
                0x0000000008000b28       0x18 ./Drivers/STM32F1xx_HAL_Driver/Src/stm32f1xx_ll_rcc.o
 .text.LL_RCC_PLL_GetMainSource
                0x0000000008000b40       0x18 ./Drivers/STM32F1xx_HAL_Driver/Src/stm32f1xx_ll_rcc.o
 .text.LL_RCC_PLL_GetMultiplicator
                0x0000000008000b58       0x18 ./Drivers/STM32F1xx_HAL_Driver/Src/stm32f1xx_ll_rcc.o
 .text.LL_RCC_PLL_GetPrediv
                0x0000000008000b70       0x1c ./Drivers/STM32F1xx_HAL_Driver/Src/stm32f1xx_ll_rcc.o
 .text.LL_RCC_GetSystemClocksFreq
                0x0000000008000b8c       0x4a ./Drivers/STM32F1xx_HAL_Driver/Src/stm32f1xx_ll_rcc.o
                0x0000000008000b8c                LL_RCC_GetSystemClocksFreq
 *fill*         0x0000000008000bd6        0x2 
 .text.RCC_GetSystemClockFreq
                0x0000000008000bd8       0x4c ./Drivers/STM32F1xx_HAL_Driver/Src/stm32f1xx_ll_rcc.o
                0x0000000008000bd8                RCC_GetSystemClockFreq
 .text.RCC_GetHCLKClockFreq
                0x0000000008000c24       0x2c ./Drivers/STM32F1xx_HAL_Driver/Src/stm32f1xx_ll_rcc.o
                0x0000000008000c24                RCC_GetHCLKClockFreq
 .text.RCC_GetPCLK1ClockFreq
                0x0000000008000c50       0x28 ./Drivers/STM32F1xx_HAL_Driver/Src/stm32f1xx_ll_rcc.o
                0x0000000008000c50                RCC_GetPCLK1ClockFreq
 .text.RCC_GetPCLK2ClockFreq
                0x0000000008000c78       0x28 ./Drivers/STM32F1xx_HAL_Driver/Src/stm32f1xx_ll_rcc.o
                0x0000000008000c78                RCC_GetPCLK2ClockFreq
 .text.RCC_PLL_GetFreqDomain_SYS
                0x0000000008000ca0       0x64 ./Drivers/STM32F1xx_HAL_Driver/Src/stm32f1xx_ll_rcc.o
                0x0000000008000ca0                RCC_PLL_GetFreqDomain_SYS
 .text.LL_USART_IsEnabled
                0x0000000008000d04       0x26 ./Drivers/STM32F1xx_HAL_Driver/Src/stm32f1xx_ll_usart.o
 .text.LL_USART_SetStopBitsLength
                0x0000000008000d2a       0x24 ./Drivers/STM32F1xx_HAL_Driver/Src/stm32f1xx_ll_usart.o
 .text.LL_USART_SetHWFlowCtrl
                0x0000000008000d4e       0x24 ./Drivers/STM32F1xx_HAL_Driver/Src/stm32f1xx_ll_usart.o
 *fill*         0x0000000008000d72        0x2 
 .text.LL_USART_SetBaudRate
                0x0000000008000d74       0xbc ./Drivers/STM32F1xx_HAL_Driver/Src/stm32f1xx_ll_usart.o
 .text.LL_USART_Init
                0x0000000008000e30       0xc0 ./Drivers/STM32F1xx_HAL_Driver/Src/stm32f1xx_ll_usart.o
                0x0000000008000e30                LL_USART_Init
 .text.LL_InitTick
                0x0000000008000ef0       0x34 ./Drivers/STM32F1xx_HAL_Driver/Src/stm32f1xx_ll_utils.o
 .text.LL_Init1msTick
                0x0000000008000f24       0x1a ./Drivers/STM32F1xx_HAL_Driver/Src/stm32f1xx_ll_utils.o
                0x0000000008000f24                LL_Init1msTick
 *fill*         0x0000000008000f3e        0x2 
 .text.LL_SetSystemCoreClock
                0x0000000008000f40       0x1c ./Drivers/STM32F1xx_HAL_Driver/Src/stm32f1xx_ll_utils.o
                0x0000000008000f40                LL_SetSystemCoreClock
 .text.vListInitialise
                0x0000000008000f5c       0x3e ./Source/list.o
                0x0000000008000f5c                vListInitialise
 .text.vListInitialiseItem
                0x0000000008000f9a       0x18 ./Source/list.o
                0x0000000008000f9a                vListInitialiseItem
 .text.vListInsert
                0x0000000008000fb2       0x70 ./Source/list.o
                0x0000000008000fb2                vListInsert
 .text.uxListRemove
                0x0000000008001022       0x52 ./Source/list.o
                0x0000000008001022                uxListRemove
 .text.xTaskCreate
                0x0000000008001074       0x8c ./Source/tasks.o
                0x0000000008001074                xTaskCreate
 .text.prvInitialiseNewTask
                0x0000000008001100       0xd0 ./Source/tasks.o
 .text.prvAddNewTaskToReadyList
                0x00000000080011d0      0x124 ./Source/tasks.o
 .text.vTaskDelay
                0x00000000080012f4       0x48 ./Source/tasks.o
                0x00000000080012f4                vTaskDelay
 .text.vTaskStartScheduler
                0x000000000800133c       0x78 ./Source/tasks.o
                0x000000000800133c                vTaskStartScheduler
 .text.vTaskSuspendAll
                0x00000000080013b4       0x1c ./Source/tasks.o
                0x00000000080013b4                vTaskSuspendAll
 .text.xTaskResumeAll
                0x00000000080013d0      0x1d8 ./Source/tasks.o
                0x00000000080013d0                xTaskResumeAll
 .text.xTaskIncrementTick
                0x00000000080015a8      0x20c ./Source/tasks.o
                0x00000000080015a8                xTaskIncrementTick
 .text.vTaskSwitchContext
                0x00000000080017b4       0x8c ./Source/tasks.o
                0x00000000080017b4                vTaskSwitchContext
 .text.prvIdleTask
                0x0000000008001840       0x30 ./Source/tasks.o
 .text.prvInitialiseTaskLists
                0x0000000008001870       0x80 ./Source/tasks.o
 .text.prvCheckTasksWaitingTermination
                0x00000000080018f0       0x5c ./Source/tasks.o
 .text.prvDeleteTCB
                0x000000000800194c       0x20 ./Source/tasks.o
 .text.prvResetNextTaskUnblockTime
                0x000000000800196c       0x34 ./Source/tasks.o
 .text.prvAddCurrentTaskToDelayedList
                0x00000000080019a0      0x100 ./Source/tasks.o
 .text.pxPortInitialiseStack
                0x0000000008001aa0       0x58 ./Source/portable/GCC/ARM_CM3/port.o
                0x0000000008001aa0                pxPortInitialiseStack
 .text.prvTaskExitError
                0x0000000008001af8       0x32 ./Source/portable/GCC/ARM_CM3/port.o
 *fill*         0x0000000008001b2a        0x6 
 .text.vPortSVCHandler
                0x0000000008001b30       0x28 ./Source/portable/GCC/ARM_CM3/port.o
                0x0000000008001b30                vPortSVCHandler
 .text.prvPortStartFirstTask
                0x0000000008001b58       0x24 ./Source/portable/GCC/ARM_CM3/port.o
 .text.xPortStartScheduler
                0x0000000008001b7c       0x40 ./Source/portable/GCC/ARM_CM3/port.o
                0x0000000008001b7c                xPortStartScheduler
 .text.vPortEnterCritical
                0x0000000008001bbc       0x34 ./Source/portable/GCC/ARM_CM3/port.o
                0x0000000008001bbc                vPortEnterCritical
 .text.vPortExitCritical
                0x0000000008001bf0       0x34 ./Source/portable/GCC/ARM_CM3/port.o
                0x0000000008001bf0                vPortExitCritical
 *fill*         0x0000000008001c24        0xc 
 .text.xPortPendSVHandler
                0x0000000008001c30       0x48 ./Source/portable/GCC/ARM_CM3/port.o
                0x0000000008001c30                xPortPendSVHandler
 .text.xPortSysTickHandler
                0x0000000008001c78       0x44 ./Source/portable/GCC/ARM_CM3/port.o
                0x0000000008001c78                xPortSysTickHandler
 .text.vPortSetupTimerInterrupt
                0x0000000008001cbc       0x34 ./Source/portable/GCC/ARM_CM3/port.o
                0x0000000008001cbc                vPortSetupTimerInterrupt
 .text.pvPortMalloc
                0x0000000008001cf0      0x13c ./Source/portable/MemMang/heap_2.o
                0x0000000008001cf0                pvPortMalloc
 .text.vPortFree
                0x0000000008001e2c       0x98 ./Source/portable/MemMang/heap_2.o
                0x0000000008001e2c                vPortFree
 .text.prvHeapInit
                0x0000000008001ec4       0x50 ./Source/portable/MemMang/heap_2.o
 .text.LL_USART_IsActiveFlag_TXE
                0x0000000008001f14       0x24 ./UARTStdio/uartstdio.o
 .text.LL_USART_EnableIT_RXNE
                0x0000000008001f38       0x44 ./UARTStdio/uartstdio.o
 .text.LL_USART_EnableIT_TXE
                0x0000000008001f7c       0x44 ./UARTStdio/uartstdio.o
 .text.LL_USART_DisableIT_RXNE
                0x0000000008001fc0       0x44 ./UARTStdio/uartstdio.o
 .text.LL_USART_DisableIT_TXE
                0x0000000008002004       0x44 ./UARTStdio/uartstdio.o
 .text.LL_USART_TransmitData8
                0x0000000008002048       0x1c ./UARTStdio/uartstdio.o
 .text.IsBufferFull
                0x0000000008002064       0x40 ./UARTStdio/uartstdio.o
 .text.IsBufferEmpty
                0x00000000080020a4       0x2e ./UARTStdio/uartstdio.o
 *fill*         0x00000000080020d2        0x2 
 .text.UARTPrimeTransmit
                0x00000000080020d4       0x68 ./UARTStdio/uartstdio.o
 .text.UARTStdioConfig
                0x000000000800213c       0x3c ./UARTStdio/uartstdio.o
                0x000000000800213c                UARTStdioConfig
 .text.UARTwrite
                0x0000000008002178       0xd8 ./UARTStdio/uartstdio.o
                0x0000000008002178                UARTwrite
 .text.UARTgets
                0x0000000008002250       0x9c ./UARTStdio/uartstdio.o
                0x0000000008002250                UARTgets
 .text.UARTvprintf
                0x00000000080022ec      0x3e8 ./UARTStdio/uartstdio.o
                0x00000000080022ec                UARTvprintf
 .text.UARTprintf
                0x00000000080026d4       0x24 ./UARTStdio/uartstdio.o
                0x00000000080026d4                UARTprintf
 .text.UARTFlushRx
                0x00000000080026f8       0x34 ./UARTStdio/uartstdio.o
                0x00000000080026f8                UARTFlushRx
 .text.UARTFlushTx
                0x000000000800272c       0x54 ./UARTStdio/uartstdio.o
                0x000000000800272c                UARTFlushTx
 .text.UARTStdioIntHandler
                0x0000000008002780      0x19c ./UARTStdio/uartstdio.o
                0x0000000008002780                UARTStdioIntHandler
 .text.memset   0x000000000800291c       0x10 C:/ST/STM32CubeIDE_1.13.2/STM32CubeIDE/plugins/com.st.stm32cube.ide.mcu.externaltools.gnu-tools-for-stm32.11.3.rel1.win32_1.1.1.202309131626/tools/bin/../lib/gcc/arm-none-eabi/11.3.1/../../../../arm-none-eabi/lib/thumb/v7-m/nofp\libc_nano.a(libc_a-memset.o)
                0x000000000800291c                memset
 .text.__libc_init_array
                0x000000000800292c       0x48 C:/ST/STM32CubeIDE_1.13.2/STM32CubeIDE/plugins/com.st.stm32cube.ide.mcu.externaltools.gnu-tools-for-stm32.11.3.rel1.win32_1.1.1.202309131626/tools/bin/../lib/gcc/arm-none-eabi/11.3.1/../../../../arm-none-eabi/lib/thumb/v7-m/nofp\libc_nano.a(libc_a-init.o)
                0x000000000800292c                __libc_init_array
 *(.glue_7)
 .glue_7        0x0000000008002974        0x0 linker stubs
 *(.glue_7t)
 .glue_7t       0x0000000008002974        0x0 linker stubs
 *(.eh_frame)
 .eh_frame      0x0000000008002974        0x0 C:/ST/STM32CubeIDE_1.13.2/STM32CubeIDE/plugins/com.st.stm32cube.ide.mcu.externaltools.gnu-tools-for-stm32.11.3.rel1.win32_1.1.1.202309131626/tools/bin/../lib/gcc/arm-none-eabi/11.3.1/thumb/v7-m/nofp/crtbegin.o
 *(.init)
 .init          0x0000000008002974        0x4 C:/ST/STM32CubeIDE_1.13.2/STM32CubeIDE/plugins/com.st.stm32cube.ide.mcu.externaltools.gnu-tools-for-stm32.11.3.rel1.win32_1.1.1.202309131626/tools/bin/../lib/gcc/arm-none-eabi/11.3.1/thumb/v7-m/nofp/crti.o
                0x0000000008002974                _init
 .init          0x0000000008002978        0x8 C:/ST/STM32CubeIDE_1.13.2/STM32CubeIDE/plugins/com.st.stm32cube.ide.mcu.externaltools.gnu-tools-for-stm32.11.3.rel1.win32_1.1.1.202309131626/tools/bin/../lib/gcc/arm-none-eabi/11.3.1/thumb/v7-m/nofp/crtn.o
 *(.fini)
 .fini          0x0000000008002980        0x4 C:/ST/STM32CubeIDE_1.13.2/STM32CubeIDE/plugins/com.st.stm32cube.ide.mcu.externaltools.gnu-tools-for-stm32.11.3.rel1.win32_1.1.1.202309131626/tools/bin/../lib/gcc/arm-none-eabi/11.3.1/thumb/v7-m/nofp/crti.o
                0x0000000008002980                _fini
 .fini          0x0000000008002984        0x8 C:/ST/STM32CubeIDE_1.13.2/STM32CubeIDE/plugins/com.st.stm32cube.ide.mcu.externaltools.gnu-tools-for-stm32.11.3.rel1.win32_1.1.1.202309131626/tools/bin/../lib/gcc/arm-none-eabi/11.3.1/thumb/v7-m/nofp/crtn.o
                0x000000000800298c                . = ALIGN (0x4)
                0x000000000800298c                _etext = .

.vfp11_veneer   0x000000000800298c        0x0
 .vfp11_veneer  0x000000000800298c        0x0 linker stubs

.v4_bx          0x000000000800298c        0x0
 .v4_bx         0x000000000800298c        0x0 linker stubs

.iplt           0x000000000800298c        0x0
 .iplt          0x000000000800298c        0x0 C:/ST/STM32CubeIDE_1.13.2/STM32CubeIDE/plugins/com.st.stm32cube.ide.mcu.externaltools.gnu-tools-for-stm32.11.3.rel1.win32_1.1.1.202309131626/tools/bin/../lib/gcc/arm-none-eabi/11.3.1/thumb/v7-m/nofp/crtbegin.o

.rodata         0x000000000800298c       0x74
                0x000000000800298c                . = ALIGN (0x4)
 *(.rodata)
 .rodata        0x000000000800298c       0x29 ./Core/Src/main.o
 *fill*         0x00000000080029b5        0x3 
 .rodata        0x00000000080029b8        0x5 ./Source/tasks.o
 *fill*         0x00000000080029bd        0x3 
 .rodata        0x00000000080029c0       0x26 ./UARTStdio/uartstdio.o
 *(.rodata*)
 *fill*         0x00000000080029e6        0x2 
 .rodata.AHBPrescTable
                0x00000000080029e8       0x10 ./Core/Src/system_stm32f1xx.o
                0x00000000080029e8                AHBPrescTable
 .rodata.APBPrescTable
                0x00000000080029f8        0x8 ./Core/Src/system_stm32f1xx.o
                0x00000000080029f8                APBPrescTable
                0x0000000008002a00                . = ALIGN (0x4)

.rel.dyn        0x0000000008002a00        0x0
 .rel.iplt      0x0000000008002a00        0x0 C:/ST/STM32CubeIDE_1.13.2/STM32CubeIDE/plugins/com.st.stm32cube.ide.mcu.externaltools.gnu-tools-for-stm32.11.3.rel1.win32_1.1.1.202309131626/tools/bin/../lib/gcc/arm-none-eabi/11.3.1/thumb/v7-m/nofp/crtbegin.o

.ARM.extab      0x0000000008002a00        0x0
                0x0000000008002a00                . = ALIGN (0x4)
 *(.ARM.extab* .gnu.linkonce.armextab.*)
                0x0000000008002a00                . = ALIGN (0x4)

.ARM            0x0000000008002a00        0x0
                0x0000000008002a00                . = ALIGN (0x4)
                0x0000000008002a00                __exidx_start = .
 *(.ARM.exidx*)
                0x0000000008002a00                __exidx_end = .
                0x0000000008002a00                . = ALIGN (0x4)

.preinit_array  0x0000000008002a00        0x0
                0x0000000008002a00                . = ALIGN (0x4)
                0x0000000008002a00                PROVIDE (__preinit_array_start = .)
 *(.preinit_array*)
                0x0000000008002a00                PROVIDE (__preinit_array_end = .)
                0x0000000008002a00                . = ALIGN (0x4)

.init_array     0x0000000008002a00        0x4
                0x0000000008002a00                . = ALIGN (0x4)
                0x0000000008002a00                PROVIDE (__init_array_start = .)
 *(SORT_BY_NAME(.init_array.*))
 *(.init_array*)
 .init_array    0x0000000008002a00        0x4 C:/ST/STM32CubeIDE_1.13.2/STM32CubeIDE/plugins/com.st.stm32cube.ide.mcu.externaltools.gnu-tools-for-stm32.11.3.rel1.win32_1.1.1.202309131626/tools/bin/../lib/gcc/arm-none-eabi/11.3.1/thumb/v7-m/nofp/crtbegin.o
                0x0000000008002a04                PROVIDE (__init_array_end = .)
                0x0000000008002a04                . = ALIGN (0x4)

.fini_array     0x0000000008002a04        0x4
                0x0000000008002a04                . = ALIGN (0x4)
                [!provide]                        PROVIDE (__fini_array_start = .)
 *(SORT_BY_NAME(.fini_array.*))
 *(.fini_array*)
 .fini_array    0x0000000008002a04        0x4 C:/ST/STM32CubeIDE_1.13.2/STM32CubeIDE/plugins/com.st.stm32cube.ide.mcu.externaltools.gnu-tools-for-stm32.11.3.rel1.win32_1.1.1.202309131626/tools/bin/../lib/gcc/arm-none-eabi/11.3.1/thumb/v7-m/nofp/crtbegin.o
                [!provide]                        PROVIDE (__fini_array_end = .)
                0x0000000008002a08                . = ALIGN (0x4)
                0x0000000008002a08                _sidata = LOADADDR (.data)

.data           0x0000000020000000       0x10 load address 0x0000000008002a08
                0x0000000020000000                . = ALIGN (0x4)
                0x0000000020000000                _sdata = .
 *(.data)
 *(.data*)
 .data.SystemCoreClock
                0x0000000020000000        0x4 ./Core/Src/system_stm32f1xx.o
                0x0000000020000000                SystemCoreClock
 .data.uxTopUsedPriority
                0x0000000020000004        0x4 ./Source/tasks.o
                0x0000000020000004                uxTopUsedPriority
 .data.uxCriticalNesting
                0x0000000020000008        0x4 ./Source/portable/GCC/ARM_CM3/port.o
 .data.xFreeBytesRemaining
                0x000000002000000c        0x4 ./Source/portable/MemMang/heap_2.o
 *(.RamFunc)
 *(.RamFunc*)
                0x0000000020000010                . = ALIGN (0x4)
                0x0000000020000010                _edata = .

.igot.plt       0x0000000020000010        0x0 load address 0x0000000008002a18
 .igot.plt      0x0000000020000010        0x0 C:/ST/STM32CubeIDE_1.13.2/STM32CubeIDE/plugins/com.st.stm32cube.ide.mcu.externaltools.gnu-tools-for-stm32.11.3.rel1.win32_1.1.1.202309131626/tools/bin/../lib/gcc/arm-none-eabi/11.3.1/thumb/v7-m/nofp/crtbegin.o
                0x0000000020000010                . = ALIGN (0x4)

.bss            0x0000000020000010     0x49d4 load address 0x0000000008002a18
                0x0000000020000010                _sbss = .
                0x0000000020000010                __bss_start__ = _sbss
 *(.bss)
 .bss           0x0000000020000010       0x1c C:/ST/STM32CubeIDE_1.13.2/STM32CubeIDE/plugins/com.st.stm32cube.ide.mcu.externaltools.gnu-tools-for-stm32.11.3.rel1.win32_1.1.1.202309131626/tools/bin/../lib/gcc/arm-none-eabi/11.3.1/thumb/v7-m/nofp/crtbegin.o
 *(.bss*)
 .bss.status_task_Handle
                0x000000002000002c        0x4 ./Core/Src/main.o
                0x000000002000002c                status_task_Handle
 .bss.pxCurrentTCB
                0x0000000020000030        0x4 ./Source/tasks.o
                0x0000000020000030                pxCurrentTCB
 .bss.pxReadyTasksLists
                0x0000000020000034       0x64 ./Source/tasks.o
 .bss.xDelayedTaskList1
                0x0000000020000098       0x14 ./Source/tasks.o
 .bss.xDelayedTaskList2
                0x00000000200000ac       0x14 ./Source/tasks.o
 .bss.pxDelayedTaskList
                0x00000000200000c0        0x4 ./Source/tasks.o
 .bss.pxOverflowDelayedTaskList
                0x00000000200000c4        0x4 ./Source/tasks.o
 .bss.xPendingReadyList
                0x00000000200000c8       0x14 ./Source/tasks.o
 .bss.xTasksWaitingTermination
                0x00000000200000dc       0x14 ./Source/tasks.o
 .bss.uxDeletedTasksWaitingCleanUp
                0x00000000200000f0        0x4 ./Source/tasks.o
 .bss.xSuspendedTaskList
                0x00000000200000f4       0x14 ./Source/tasks.o
 .bss.uxCurrentNumberOfTasks
                0x0000000020000108        0x4 ./Source/tasks.o
 .bss.xTickCount
                0x000000002000010c        0x4 ./Source/tasks.o
 .bss.uxTopReadyPriority
                0x0000000020000110        0x4 ./Source/tasks.o
 .bss.xSchedulerRunning
                0x0000000020000114        0x4 ./Source/tasks.o
 .bss.xPendedTicks
                0x0000000020000118        0x4 ./Source/tasks.o
 .bss.xYieldPending
                0x000000002000011c        0x4 ./Source/tasks.o
 .bss.xNumOfOverflows
                0x0000000020000120        0x4 ./Source/tasks.o
 .bss.uxTaskNumber
                0x0000000020000124        0x4 ./Source/tasks.o
 .bss.xNextTaskUnblockTime
                0x0000000020000128        0x4 ./Source/tasks.o
 .bss.xIdleTaskHandle
                0x000000002000012c        0x4 ./Source/tasks.o
 .bss.uxSchedulerSuspended
                0x0000000020000130        0x4 ./Source/tasks.o
 .bss.ucHeap    0x0000000020000134     0x4400 ./Source/portable/MemMang/heap_2.o
 .bss.xStart    0x0000000020004534        0x8 ./Source/portable/MemMang/heap_2.o
 .bss.xEnd      0x000000002000453c        0x8 ./Source/portable/MemMang/heap_2.o
 .bss.xHeapHasBeenInitialised.0
                0x0000000020004544        0x4 ./Source/portable/MemMang/heap_2.o
 .bss.g_bDisableEcho
                0x0000000020004548        0x1 ./UARTStdio/uartstdio.o
 *fill*         0x0000000020004549        0x3 
 .bss.g_pcUARTTxBuffer
                0x000000002000454c      0x400 ./UARTStdio/uartstdio.o
 .bss.g_ui32UARTTxWriteIndex
                0x000000002000494c        0x4 ./UARTStdio/uartstdio.o
 .bss.g_ui32UARTTxReadIndex
                0x0000000020004950        0x4 ./UARTStdio/uartstdio.o
 .bss.g_pcUARTRxBuffer
                0x0000000020004954       0x80 ./UARTStdio/uartstdio.o
 .bss.g_ui32UARTRxWriteIndex
                0x00000000200049d4        0x4 ./UARTStdio/uartstdio.o
 .bss.g_ui32UARTRxReadIndex
                0x00000000200049d8        0x4 ./UARTStdio/uartstdio.o
 .bss.stdUsart  0x00000000200049dc        0x4 ./UARTStdio/uartstdio.o
                0x00000000200049dc                stdUsart
 .bss.bLastWasCR.0
                0x00000000200049e0        0x1 ./UARTStdio/uartstdio.o
 *(COMMON)
                0x00000000200049e4                . = ALIGN (0x4)
 *fill*         0x00000000200049e1        0x3 
                0x00000000200049e4                _ebss = .
                0x00000000200049e4                __bss_end__ = _ebss

._user_heap_stack
                0x00000000200049e4      0x604 load address 0x0000000008002a18
                0x00000000200049e8                . = ALIGN (0x8)
 *fill*         0x00000000200049e4        0x4 
                [!provide]                        PROVIDE (end = .)
                0x00000000200049e8                PROVIDE (_end = .)
                0x0000000020004be8                . = (. + _Min_Heap_Size)
 *fill*         0x00000000200049e8      0x200 
                0x0000000020004fe8                . = (. + _Min_Stack_Size)
 *fill*         0x0000000020004be8      0x400 
                0x0000000020004fe8                . = ALIGN (0x8)

/DISCARD/
 libc.a(*)
 libm.a(*)
 libgcc.a(*)

.ARM.attributes
                0x0000000000000000       0x29
 *(.ARM.attributes)
 .ARM.attributes
                0x0000000000000000       0x1d C:/ST/STM32CubeIDE_1.13.2/STM32CubeIDE/plugins/com.st.stm32cube.ide.mcu.externaltools.gnu-tools-for-stm32.11.3.rel1.win32_1.1.1.202309131626/tools/bin/../lib/gcc/arm-none-eabi/11.3.1/thumb/v7-m/nofp/crti.o
 .ARM.attributes
                0x000000000000001d       0x2d C:/ST/STM32CubeIDE_1.13.2/STM32CubeIDE/plugins/com.st.stm32cube.ide.mcu.externaltools.gnu-tools-for-stm32.11.3.rel1.win32_1.1.1.202309131626/tools/bin/../lib/gcc/arm-none-eabi/11.3.1/thumb/v7-m/nofp/crtbegin.o
 .ARM.attributes
                0x000000000000004a       0x2d ./Core/Src/main.o
 .ARM.attributes
                0x0000000000000077       0x2d ./Core/Src/stm32f1xx_it.o
 .ARM.attributes
                0x00000000000000a4       0x2d ./Core/Src/system_stm32f1xx.o
 .ARM.attributes
                0x00000000000000d1       0x21 ./Core/Startup/startup_stm32f103c8tx.o
 .ARM.attributes
                0x00000000000000f2       0x2d ./Drivers/STM32F1xx_HAL_Driver/Src/stm32f1xx_ll_gpio.o
 .ARM.attributes
                0x000000000000011f       0x2d ./Drivers/STM32F1xx_HAL_Driver/Src/stm32f1xx_ll_rcc.o
 .ARM.attributes
                0x000000000000014c       0x2d ./Drivers/STM32F1xx_HAL_Driver/Src/stm32f1xx_ll_usart.o
 .ARM.attributes
                0x0000000000000179       0x2d ./Drivers/STM32F1xx_HAL_Driver/Src/stm32f1xx_ll_utils.o
 .ARM.attributes
                0x00000000000001a6       0x2d ./Source/list.o
 .ARM.attributes
                0x00000000000001d3       0x2d ./Source/tasks.o
 .ARM.attributes
                0x0000000000000200       0x2d ./Source/portable/GCC/ARM_CM3/port.o
 .ARM.attributes
                0x000000000000022d       0x2d ./Source/portable/MemMang/heap_2.o
 .ARM.attributes
                0x000000000000025a       0x2d ./UARTStdio/uartstdio.o
 .ARM.attributes
                0x0000000000000287       0x2d C:/ST/STM32CubeIDE_1.13.2/STM32CubeIDE/plugins/com.st.stm32cube.ide.mcu.externaltools.gnu-tools-for-stm32.11.3.rel1.win32_1.1.1.202309131626/tools/bin/../lib/gcc/arm-none-eabi/11.3.1/../../../../arm-none-eabi/lib/thumb/v7-m/nofp\libc_nano.a(libc_a-memset.o)
 .ARM.attributes
                0x00000000000002b4       0x2d C:/ST/STM32CubeIDE_1.13.2/STM32CubeIDE/plugins/com.st.stm32cube.ide.mcu.externaltools.gnu-tools-for-stm32.11.3.rel1.win32_1.1.1.202309131626/tools/bin/../lib/gcc/arm-none-eabi/11.3.1/../../../../arm-none-eabi/lib/thumb/v7-m/nofp\libc_nano.a(libc_a-init.o)
 .ARM.attributes
                0x00000000000002e1       0x1b C:/ST/STM32CubeIDE_1.13.2/STM32CubeIDE/plugins/com.st.stm32cube.ide.mcu.externaltools.gnu-tools-for-stm32.11.3.rel1.win32_1.1.1.202309131626/tools/bin/../lib/gcc/arm-none-eabi/11.3.1/../../../../arm-none-eabi/lib/thumb/v7-m/nofp\libc_nano.a(libc_a-strcmp.o)
 .ARM.attributes
                0x00000000000002fc       0x1d C:/ST/STM32CubeIDE_1.13.2/STM32CubeIDE/plugins/com.st.stm32cube.ide.mcu.externaltools.gnu-tools-for-stm32.11.3.rel1.win32_1.1.1.202309131626/tools/bin/../lib/gcc/arm-none-eabi/11.3.1/thumb/v7-m/nofp/crtn.o
OUTPUT(FreeRTOS_Blinky.elf elf32-littlearm)
LOAD linker stubs
LOAD C:/ST/STM32CubeIDE_1.13.2/STM32CubeIDE/plugins/com.st.stm32cube.ide.mcu.externaltools.gnu-tools-for-stm32.11.3.rel1.win32_1.1.1.202309131626/tools/bin/../lib/gcc/arm-none-eabi/11.3.1/../../../../arm-none-eabi/lib/thumb/v7-m/nofp\libc.a
LOAD C:/ST/STM32CubeIDE_1.13.2/STM32CubeIDE/plugins/com.st.stm32cube.ide.mcu.externaltools.gnu-tools-for-stm32.11.3.rel1.win32_1.1.1.202309131626/tools/bin/../lib/gcc/arm-none-eabi/11.3.1/../../../../arm-none-eabi/lib/thumb/v7-m/nofp\libm.a
LOAD C:/ST/STM32CubeIDE_1.13.2/STM32CubeIDE/plugins/com.st.stm32cube.ide.mcu.externaltools.gnu-tools-for-stm32.11.3.rel1.win32_1.1.1.202309131626/tools/bin/../lib/gcc/arm-none-eabi/11.3.1/thumb/v7-m/nofp\libgcc.a

.comment        0x0000000000000000       0x43
 .comment       0x0000000000000000       0x43 C:/ST/STM32CubeIDE_1.13.2/STM32CubeIDE/plugins/com.st.stm32cube.ide.mcu.externaltools.gnu-tools-for-stm32.11.3.rel1.win32_1.1.1.202309131626/tools/bin/../lib/gcc/arm-none-eabi/11.3.1/thumb/v7-m/nofp/crtbegin.o
                                         0x44 (size before relaxing)
 .comment       0x0000000000000043       0x44 ./Core/Src/main.o
 .comment       0x0000000000000043       0x44 ./Core/Src/stm32f1xx_it.o
 .comment       0x0000000000000043       0x44 ./Core/Src/system_stm32f1xx.o
 .comment       0x0000000000000043       0x44 ./Drivers/STM32F1xx_HAL_Driver/Src/stm32f1xx_ll_gpio.o
 .comment       0x0000000000000043       0x44 ./Drivers/STM32F1xx_HAL_Driver/Src/stm32f1xx_ll_rcc.o
 .comment       0x0000000000000043       0x44 ./Drivers/STM32F1xx_HAL_Driver/Src/stm32f1xx_ll_usart.o
 .comment       0x0000000000000043       0x44 ./Drivers/STM32F1xx_HAL_Driver/Src/stm32f1xx_ll_utils.o
 .comment       0x0000000000000043       0x44 ./Source/list.o
 .comment       0x0000000000000043       0x44 ./Source/tasks.o
 .comment       0x0000000000000043       0x44 ./Source/portable/GCC/ARM_CM3/port.o
 .comment       0x0000000000000043       0x44 ./Source/portable/MemMang/heap_2.o
 .comment       0x0000000000000043       0x44 ./UARTStdio/uartstdio.o

.debug_info     0x0000000000000000     0x5925
 .debug_info    0x0000000000000000      0xf1e ./Core/Src/main.o
 .debug_info    0x0000000000000f1e      0x15f ./Core/Src/stm32f1xx_it.o
 .debug_info    0x000000000000107d      0x21b ./Core/Src/system_stm32f1xx.o
 .debug_info    0x0000000000001298       0x23 ./Core/Startup/startup_stm32f103c8tx.o
 .debug_info    0x00000000000012bb      0x59a ./Drivers/STM32F1xx_HAL_Driver/Src/stm32f1xx_ll_gpio.o
 .debug_info    0x0000000000001855      0x54b ./Drivers/STM32F1xx_HAL_Driver/Src/stm32f1xx_ll_rcc.o
 .debug_info    0x0000000000001da0      0x5c2 ./Drivers/STM32F1xx_HAL_Driver/Src/stm32f1xx_ll_usart.o
 .debug_info    0x0000000000002362      0x7e1 ./Drivers/STM32F1xx_HAL_Driver/Src/stm32f1xx_ll_utils.o
 .debug_info    0x0000000000002b43      0x2af ./Source/list.o
 .debug_info    0x0000000000002df2     0x1a80 ./Source/tasks.o
 .debug_info    0x0000000000004872      0x2e7 ./Source/portable/GCC/ARM_CM3/port.o
 .debug_info    0x0000000000004b59      0x379 ./Source/portable/MemMang/heap_2.o
 .debug_info    0x0000000000004ed2      0xa53 ./UARTStdio/uartstdio.o

.debug_abbrev   0x0000000000000000     0x190d
 .debug_abbrev  0x0000000000000000      0x348 ./Core/Src/main.o
 .debug_abbrev  0x0000000000000348       0xac ./Core/Src/stm32f1xx_it.o
 .debug_abbrev  0x00000000000003f4      0x13f ./Core/Src/system_stm32f1xx.o
 .debug_abbrev  0x0000000000000533       0x12 ./Core/Startup/startup_stm32f103c8tx.o
 .debug_abbrev  0x0000000000000545      0x20d ./Drivers/STM32F1xx_HAL_Driver/Src/stm32f1xx_ll_gpio.o
 .debug_abbrev  0x0000000000000752      0x273 ./Drivers/STM32F1xx_HAL_Driver/Src/stm32f1xx_ll_rcc.o
 .debug_abbrev  0x00000000000009c5      0x1c7 ./Drivers/STM32F1xx_HAL_Driver/Src/stm32f1xx_ll_usart.o
 .debug_abbrev  0x0000000000000b8c      0x24e ./Drivers/STM32F1xx_HAL_Driver/Src/stm32f1xx_ll_utils.o
 .debug_abbrev  0x0000000000000dda       0xf5 ./Source/list.o
 .debug_abbrev  0x0000000000000ecf      0x349 ./Source/tasks.o
 .debug_abbrev  0x0000000000001218      0x20c ./Source/portable/GCC/ARM_CM3/port.o
 .debug_abbrev  0x0000000000001424      0x1e2 ./Source/portable/MemMang/heap_2.o
 .debug_abbrev  0x0000000000001606      0x307 ./UARTStdio/uartstdio.o

.debug_aranges  0x0000000000000000      0x7e8
 .debug_aranges
                0x0000000000000000      0x100 ./Core/Src/main.o
 .debug_aranges
                0x0000000000000100       0x68 ./Core/Src/stm32f1xx_it.o
 .debug_aranges
                0x0000000000000168       0x28 ./Core/Src/system_stm32f1xx.o
 .debug_aranges
                0x0000000000000190       0x28 ./Core/Startup/startup_stm32f103c8tx.o
 .debug_aranges
                0x00000000000001b8       0x60 ./Drivers/STM32F1xx_HAL_Driver/Src/stm32f1xx_ll_gpio.o
 .debug_aranges
                0x0000000000000218       0xd8 ./Drivers/STM32F1xx_HAL_Driver/Src/stm32f1xx_ll_rcc.o
 .debug_aranges
                0x00000000000002f0       0x88 ./Drivers/STM32F1xx_HAL_Driver/Src/stm32f1xx_ll_usart.o
 .debug_aranges
                0x0000000000000378       0xf8 ./Drivers/STM32F1xx_HAL_Driver/Src/stm32f1xx_ll_utils.o
 .debug_aranges
                0x0000000000000470       0x40 ./Source/list.o
 .debug_aranges
                0x00000000000004b0      0x1b0 ./Source/tasks.o
 .debug_aranges
                0x0000000000000660       0x70 ./Source/portable/GCC/ARM_CM3/port.o
 .debug_aranges
                0x00000000000006d0       0x48 ./Source/portable/MemMang/heap_2.o
 .debug_aranges
                0x0000000000000718       0xd0 ./UARTStdio/uartstdio.o

.debug_rnglists
                0x0000000000000000      0x5d6
 .debug_rnglists
                0x0000000000000000       0xbe ./Core/Src/main.o
 .debug_rnglists
                0x00000000000000be       0x49 ./Core/Src/stm32f1xx_it.o
 .debug_rnglists
                0x0000000000000107       0x1a ./Core/Src/system_stm32f1xx.o
 .debug_rnglists
                0x0000000000000121       0x19 ./Core/Startup/startup_stm32f103c8tx.o
 .debug_rnglists
                0x000000000000013a       0x45 ./Drivers/STM32F1xx_HAL_Driver/Src/stm32f1xx_ll_gpio.o
 .debug_rnglists
                0x000000000000017f       0x9d ./Drivers/STM32F1xx_HAL_Driver/Src/stm32f1xx_ll_rcc.o
 .debug_rnglists
                0x000000000000021c       0x63 ./Drivers/STM32F1xx_HAL_Driver/Src/stm32f1xx_ll_usart.o
 .debug_rnglists
                0x000000000000027f       0xb7 ./Drivers/STM32F1xx_HAL_Driver/Src/stm32f1xx_ll_utils.o
 .debug_rnglists
                0x0000000000000336       0x2b ./Source/list.o
 .debug_rnglists
                0x0000000000000361      0x158 ./Source/tasks.o
 .debug_rnglists
                0x00000000000004b9       0x4f ./Source/portable/GCC/ARM_CM3/port.o
 .debug_rnglists
                0x0000000000000508       0x33 ./Source/portable/MemMang/heap_2.o
 .debug_rnglists
                0x000000000000053b       0x9b ./UARTStdio/uartstdio.o

.debug_macro    0x0000000000000000    0x139c8
 .debug_macro   0x0000000000000000      0x28c ./Core/Src/main.o
 .debug_macro   0x000000000000028c      0xacc ./Core/Src/main.o
 .debug_macro   0x0000000000000d58       0x2e ./Core/Src/main.o
 .debug_macro   0x0000000000000d86       0x22 ./Core/Src/main.o
 .debug_macro   0x0000000000000da8       0x22 ./Core/Src/main.o
 .debug_macro   0x0000000000000dca       0x8e ./Core/Src/main.o
 .debug_macro   0x0000000000000e58       0x51 ./Core/Src/main.o
 .debug_macro   0x0000000000000ea9      0x103 ./Core/Src/main.o
 .debug_macro   0x0000000000000fac       0x6a ./Core/Src/main.o
 .debug_macro   0x0000000000001016      0x1df ./Core/Src/main.o
 .debug_macro   0x00000000000011f5       0x1c ./Core/Src/main.o
 .debug_macro   0x0000000000001211       0x22 ./Core/Src/main.o
 .debug_macro   0x0000000000001233       0xbd ./Core/Src/main.o
 .debug_macro   0x00000000000012f0      0xd23 ./Core/Src/main.o
 .debug_macro   0x0000000000002013     0xe09e ./Core/Src/main.o
 .debug_macro   0x00000000000100b1       0x6d ./Core/Src/main.o
 .debug_macro   0x000000000001011e      0x2b8 ./Core/Src/main.o
 .debug_macro   0x00000000000103d6       0xd7 ./Core/Src/main.o
 .debug_macro   0x00000000000104ad       0x74 ./Core/Src/main.o
 .debug_macro   0x0000000000010521       0xd0 ./Core/Src/main.o
 .debug_macro   0x00000000000105f1       0x28 ./Core/Src/main.o
 .debug_macro   0x0000000000010619       0x2a ./Core/Src/main.o
 .debug_macro   0x0000000000010643       0x90 ./Core/Src/main.o
 .debug_macro   0x00000000000106d3      0x287 ./Core/Src/main.o
 .debug_macro   0x000000000001095a      0x1b4 ./Core/Src/main.o
 .debug_macro   0x0000000000010b0e      0x229 ./Core/Src/main.o
 .debug_macro   0x0000000000010d37       0x5e ./Core/Src/main.o
 .debug_macro   0x0000000000010d95       0x61 ./Core/Src/main.o
 .debug_macro   0x0000000000010df6       0x24 ./Core/Src/main.o
 .debug_macro   0x0000000000010e1a       0x43 ./Core/Src/main.o
 .debug_macro   0x0000000000010e5d       0x34 ./Core/Src/main.o
 .debug_macro   0x0000000000010e91      0x174 ./Core/Src/main.o
 .debug_macro   0x0000000000011005       0x16 ./Core/Src/main.o
 .debug_macro   0x000000000001101b       0x43 ./Core/Src/main.o
 .debug_macro   0x000000000001105e       0x34 ./Core/Src/main.o
 .debug_macro   0x0000000000011092       0x10 ./Core/Src/main.o
 .debug_macro   0x00000000000110a2       0x58 ./Core/Src/main.o
 .debug_macro   0x00000000000110fa       0x8e ./Core/Src/main.o
 .debug_macro   0x0000000000011188       0x1c ./Core/Src/main.o
 .debug_macro   0x00000000000111a4      0x177 ./Core/Src/main.o
 .debug_macro   0x000000000001131b      0x369 ./Core/Src/main.o
 .debug_macro   0x0000000000011684       0x10 ./Core/Src/main.o
 .debug_macro   0x0000000000011694       0x35 ./Core/Src/main.o
 .debug_macro   0x00000000000116c9       0x20 ./Core/Src/main.o
 .debug_macro   0x00000000000116e9       0x22 ./Core/Src/main.o
 .debug_macro   0x000000000001170b       0x94 ./Core/Src/main.o
 .debug_macro   0x000000000001179f      0x15a ./Core/Src/main.o
 .debug_macro   0x00000000000118f9       0xe3 ./Core/Src/main.o
 .debug_macro   0x00000000000119dc       0x28 ./Core/Src/main.o
 .debug_macro   0x0000000000011a04       0x1f ./Core/Src/main.o
 .debug_macro   0x0000000000011a23       0x12 ./Core/Src/main.o
 .debug_macro   0x0000000000011a35      0x588 ./Core/Src/main.o
 .debug_macro   0x0000000000011fbd       0xc3 ./Core/Src/main.o
 .debug_macro   0x0000000000012080      0x120 ./Core/Src/main.o
 .debug_macro   0x00000000000121a0       0x58 ./Core/Src/main.o
 .debug_macro   0x00000000000121f8       0x16 ./Core/Src/main.o
 .debug_macro   0x000000000001220e      0x156 ./Core/Src/stm32f1xx_it.o
 .debug_macro   0x0000000000012364       0xbc ./Core/Src/system_stm32f1xx.o
 .debug_macro   0x0000000000012420       0xf8 ./Drivers/STM32F1xx_HAL_Driver/Src/stm32f1xx_ll_gpio.o
 .debug_macro   0x0000000000012518      0x223 ./Drivers/STM32F1xx_HAL_Driver/Src/stm32f1xx_ll_gpio.o
 .debug_macro   0x000000000001273b       0xdd ./Drivers/STM32F1xx_HAL_Driver/Src/stm32f1xx_ll_rcc.o
 .debug_macro   0x0000000000012818      0x12b ./Drivers/STM32F1xx_HAL_Driver/Src/stm32f1xx_ll_usart.o
 .debug_macro   0x0000000000012943      0x1ae ./Drivers/STM32F1xx_HAL_Driver/Src/stm32f1xx_ll_usart.o
 .debug_macro   0x0000000000012af1      0x2be ./Drivers/STM32F1xx_HAL_Driver/Src/stm32f1xx_ll_usart.o
 .debug_macro   0x0000000000012daf      0x139 ./Drivers/STM32F1xx_HAL_Driver/Src/stm32f1xx_ll_utils.o
 .debug_macro   0x0000000000012ee8      0x1f7 ./Source/list.o
 .debug_macro   0x00000000000130df      0x2dd ./Source/tasks.o
 .debug_macro   0x00000000000133bc       0x17 ./Source/tasks.o
 .debug_macro   0x00000000000133d3      0x1e2 ./Source/portable/GCC/ARM_CM3/port.o
 .debug_macro   0x00000000000135b5      0x285 ./Source/portable/MemMang/heap_2.o
 .debug_macro   0x000000000001383a      0x18e ./UARTStdio/uartstdio.o

.debug_line     0x0000000000000000     0x7920
 .debug_line    0x0000000000000000      0xd55 ./Core/Src/main.o
 .debug_line    0x0000000000000d55      0x724 ./Core/Src/stm32f1xx_it.o
 .debug_line    0x0000000000001479      0x560 ./Core/Src/system_stm32f1xx.o
 .debug_line    0x00000000000019d9       0x79 ./Core/Startup/startup_stm32f103c8tx.o
 .debug_line    0x0000000000001a52      0x768 ./Drivers/STM32F1xx_HAL_Driver/Src/stm32f1xx_ll_gpio.o
 .debug_line    0x00000000000021ba      0x87a ./Drivers/STM32F1xx_HAL_Driver/Src/stm32f1xx_ll_rcc.o
 .debug_line    0x0000000000002a34      0x73a ./Drivers/STM32F1xx_HAL_Driver/Src/stm32f1xx_ll_usart.o
 .debug_line    0x000000000000316e      0x97c ./Drivers/STM32F1xx_HAL_Driver/Src/stm32f1xx_ll_utils.o
 .debug_line    0x0000000000003aea      0x84e ./Source/list.o
 .debug_line    0x0000000000004338     0x1758 ./Source/tasks.o
 .debug_line    0x0000000000005a90      0x7c0 ./Source/portable/GCC/ARM_CM3/port.o
 .debug_line    0x0000000000006250      0x94c ./Source/portable/MemMang/heap_2.o
 .debug_line    0x0000000000006b9c      0xd84 ./UARTStdio/uartstdio.o

.debug_str      0x0000000000000000    0x66f8f
 .debug_str     0x0000000000000000    0x6241f ./Core/Src/main.o
                                      0x62870 (size before relaxing)
 .debug_str     0x000000000006241f       0xe3 ./Core/Src/stm32f1xx_it.o
                                      0x59d49 (size before relaxing)
 .debug_str     0x0000000000062502       0x74 ./Core/Src/system_stm32f1xx.o
                                      0x54713 (size before relaxing)
 .debug_str     0x0000000000062576       0x34 ./Core/Startup/startup_stm32f103c8tx.o
                                         0x5d (size before relaxing)
 .debug_str     0x00000000000625aa      0x3fd ./Drivers/STM32F1xx_HAL_Driver/Src/stm32f1xx_ll_gpio.o
                                      0x56056 (size before relaxing)
 .debug_str     0x00000000000629a7      0x33a ./Drivers/STM32F1xx_HAL_Driver/Src/stm32f1xx_ll_rcc.o
                                      0x55bdd (size before relaxing)
 .debug_str     0x0000000000062ce1      0x801 ./Drivers/STM32F1xx_HAL_Driver/Src/stm32f1xx_ll_usart.o
                                      0x5745e (size before relaxing)
 .debug_str     0x00000000000634e2      0xade ./Drivers/STM32F1xx_HAL_Driver/Src/stm32f1xx_ll_utils.o
                                      0x568d2 (size before relaxing)
 .debug_str     0x0000000000063fc0      0x246 ./Source/list.o
                                      0x5b878 (size before relaxing)
 .debug_str     0x0000000000064206     0x1ad0 ./Source/tasks.o
                                      0x5e6de (size before relaxing)
 .debug_str     0x0000000000065cd6      0x63f ./Source/portable/GCC/ARM_CM3/port.o
                                      0x59ede (size before relaxing)
 .debug_str     0x0000000000066315      0x640 ./Source/portable/MemMang/heap_2.o
                                      0x5d0c3 (size before relaxing)
 .debug_str     0x0000000000066955      0x63a ./UARTStdio/uartstdio.o
                                      0x5a39a (size before relaxing)

.debug_frame    0x0000000000000000     0x1efc
 .debug_frame   0x0000000000000000      0x434 ./Core/Src/main.o
 .debug_frame   0x0000000000000434      0x124 ./Core/Src/stm32f1xx_it.o
 .debug_frame   0x0000000000000558       0x58 ./Core/Src/system_stm32f1xx.o
 .debug_frame   0x00000000000005b0      0x170 ./Drivers/STM32F1xx_HAL_Driver/Src/stm32f1xx_ll_gpio.o
 .debug_frame   0x0000000000000720      0x34c ./Drivers/STM32F1xx_HAL_Driver/Src/stm32f1xx_ll_rcc.o
 .debug_frame   0x0000000000000a6c      0x234 ./Drivers/STM32F1xx_HAL_Driver/Src/stm32f1xx_ll_usart.o
 .debug_frame   0x0000000000000ca0      0x400 ./Drivers/STM32F1xx_HAL_Driver/Src/stm32f1xx_ll_utils.o
 .debug_frame   0x00000000000010a0       0xd8 ./Source/list.o
 .debug_frame   0x0000000000001178      0x75c ./Source/tasks.o
 .debug_frame   0x00000000000018d4      0x160 ./Source/portable/GCC/ARM_CM3/port.o
 .debug_frame   0x0000000000001a34       0xe4 ./Source/portable/MemMang/heap_2.o
 .debug_frame   0x0000000000001b18      0x378 ./UARTStdio/uartstdio.o
 .debug_frame   0x0000000000001e90       0x20 C:/ST/STM32CubeIDE_1.13.2/STM32CubeIDE/plugins/com.st.stm32cube.ide.mcu.externaltools.gnu-tools-for-stm32.11.3.rel1.win32_1.1.1.202309131626/tools/bin/../lib/gcc/arm-none-eabi/11.3.1/../../../../arm-none-eabi/lib/thumb/v7-m/nofp\libc_nano.a(libc_a-memset.o)
 .debug_frame   0x0000000000001eb0       0x2c C:/ST/STM32CubeIDE_1.13.2/STM32CubeIDE/plugins/com.st.stm32cube.ide.mcu.externaltools.gnu-tools-for-stm32.11.3.rel1.win32_1.1.1.202309131626/tools/bin/../lib/gcc/arm-none-eabi/11.3.1/../../../../arm-none-eabi/lib/thumb/v7-m/nofp\libc_nano.a(libc_a-init.o)
 .debug_frame   0x0000000000001edc       0x20 C:/ST/STM32CubeIDE_1.13.2/STM32CubeIDE/plugins/com.st.stm32cube.ide.mcu.externaltools.gnu-tools-for-stm32.11.3.rel1.win32_1.1.1.202309131626/tools/bin/../lib/gcc/arm-none-eabi/11.3.1/../../../../arm-none-eabi/lib/thumb/v7-m/nofp\libc_nano.a(libc_a-strcmp.o)

.debug_line_str
                0x0000000000000000       0x51
 .debug_line_str
                0x0000000000000000       0x51 ./Core/Startup/startup_stm32f103c8tx.o
                                         0x69 (size before relaxing)
